#########################################################################################
#mmmmmmmmmmmmmmmmmmmmmmmmmmmmmmmmm         mmmmmmmmmmmmmmm                              #
#mmmmmmmmmmmmmmmmmmmmmmmmmmmmmmmmmmmmmmmmmmmmmmmmmmmmmmmmmmmmmmmm                       #
###########################################################m                            #
m#........................................................#mmmmmmmmmmmmmmmmmmmmmmmm     #
m#........................................................#mmmmmmmmmmmmmmmmmm           #
m#........................................................#m       mmmmmmmmmmmm         #
m#.........................................................mmmmmmmmmmmmmmmmmmm          #
m#.........................................................mmmmmmmmmmmmmmmmmmmm         #
m#........................................................#mm     mmmmmmmmmmmm          #
m######............#############..#########################mm     m                     #
 mmmmm#..##...##...#mmmmmmmmmmm#..#mmmmmmmmmmmmmmmmmmmmmmmmmm                           #
   mmm#..#mmmmm#...#mmmmmmmmmmm#..#mmmmmmmmmmm                                          #
    mm#..#mmmmm#...#mmmmmmmmmmm#..#mmmmm                                                #
    mm#..#mmmmm#...#mmmmmmmmmmm#..#mmmmmmmmmmmmmmmmmmmmmmmmmmmmmmmmmmmmmmmmmmmmmmmmmmmmmm#
     m#..#######...#m   mmm   m#..#######################################################m
     m#............#m    m    m#........................................................#m
     m#............#m         m#........................................................#m
     m#............#m         m#........................................................#m
     m##############m         m##########################################################m
     mmmmmmmmmmmmmmmm         mmmmmmmmmmmmmmmmmmmmmmmmmmmmmmmmmmmmmmmmmmmmmmmmmmmmmmmmmmmm
mmmmmmmmmmmmmmmmmmmmmmmmm

m#m#m#

m#m#m#
m#m#
m#
m#m#
